// Vitest Snapshot v1

exports[`basic > optional_syntax_node_type_of_syntax_node_list.txt 1`] = `
"Program @0..387 ''
  SyntaxNode @0..387 ''
    SyntaxNodeType @0..18 'JsUnknownParameter'
    SyntaxMemberList @25..385 ''
      SyntaxNodePair @25..384 ''
        SyntaxNodePairKey @25..30 'items'
        SyntaxNodeList @32..384 ''
          SyntaxNode @42..377 ''
            SyntaxNodeType @42..58 'TsTypeAnnotation'
            SyntaxMemberList @73..367 ''
              SyntaxNodePair @73..125 'colon_token: COLON@119..121 ":" [] [Whitespace(" ")]'
                SyntaxNodePairKey @73..84 'colon_token'
                SyntaxToken @86..125 'COLON@119..121 ":" [] [Whitespace(" ")]'
                  SyntaxTokenType @86..91 'COLON'
                  Range @92..100 '119..121'
                    Number @92..95 '119'
                    Number @97..100 '121'
                  String @101..104 '":"'
                  TriviaPart @105..107 '[]'
                  TriviaPart @108..125 '[Whitespace(" ")]'
                    TriviaList @109..124 'Whitespace(" ")'
                      Trivia @109..124 'Whitespace(" ")'
                        Identifier @109..119 'Whitespace'
                        String @120..123 '" "'
              SyntaxNodePair @139..366 ''
                SyntaxNodePairKey @139..141 'ty'
                SyntaxNode @143..366 ''
                  SyntaxNodeType @143..158 'TsReferenceType'
                  SyntaxMemberList @177..352 ''
                    SyntaxNodePair @177..299 ''
                      SyntaxNodePairKey @177..181 'name'
                      SyntaxNode @183..299 ''
                        SyntaxNodeType @183..204 'JsReferenceIdentifier'
                        SyntaxMemberList @227..281 'value_token: IDENT@121..138 "ErrorsTextOptions" [] [],'
                          SyntaxNodePair @227..280 'value_token: IDENT@121..138 "ErrorsTextOptions" [] []'
                            SyntaxNodePairKey @227..238 'value_token'
                            SyntaxToken @240..280 'IDENT@121..138 "ErrorsTextOptions" [] []'
                              SyntaxTokenType @240..245 'IDENT'
                              Range @246..254 '121..138'
                                Number @246..249 '121'
                                Number @251..254 '138'
                              String @255..274 '"ErrorsTextOptions"'
                              TriviaPart @275..277 '[]'
                              TriviaPart @278..280 '[]'
                    SyntaxNodePair @317..351 'type_arguments: missing (optional)'
                      SyntaxNodePairKey @317..331 'type_arguments'
                      MissingOptional @333..351 'missing (optional)'"
`;

exports[`basic > recursive_syntax_node_list.txt 1`] = `
"Program @0..385 ''
  SyntaxNode @0..384 ''
    SyntaxNodeType @0..15 'JsUnknownMember'
    SyntaxMemberList @22..382 ''
      SyntaxNodePair @22..381 ''
        SyntaxNodePairKey @22..27 'items'
        SyntaxNodeList @29..381 ''
          SyntaxNodeList @39..374 ''
            SyntaxNodeType @39..70 'TsPropertySignatureModifierList'
            SyntaxNode @85..231 ''
              SyntaxNodeType @85..102 'TsDeclareModifier'
              SyntaxMemberList @121..217 'modifier_token: DECLARE_KW@12..23 "declare" [Newline("\\n"), Whitespace("  ")] [Whitespace(" ")],'
                SyntaxNodePair @121..216 'modifier_token: DECLARE_KW@12..23 "declare" [Newline("\\n"), Whitespace("  ")] [Whitespace(" ")]'
                  SyntaxNodePairKey @121..135 'modifier_token'
                  SyntaxToken @137..216 'DECLARE_KW@12..23 "declare" [Newline("\\n"), Whitespace("  ")] [Whitespace(" ")]'
                    SyntaxTokenType @137..147 'DECLARE_KW'
                    Range @148..154 '12..23'
                      Number @148..150 '12'
                      Number @152..154 '23'
                    String @155..164 '"declare"'
                    TriviaPart @165..198 '[Newline("\\n"), Whitespace("  ")]'
                      TriviaList @166..197 'Newline("\\n"), Whitespace("  ")'
                        Trivia @166..179 'Newline("\\n")'
                          Identifier @166..173 'Newline'
                          String @174..178 '"\\n"'
                        Trivia @181..197 'Whitespace("  ")'
                          Identifier @181..191 'Whitespace'
                          String @192..196 '"  "'
                    TriviaPart @199..216 '[Whitespace(" ")]'
                      TriviaList @200..215 'Whitespace(" ")'
                        Trivia @200..215 'Whitespace(" ")'
                          Identifier @200..210 'Whitespace'
                          String @211..214 '" "'
            SyntaxNode @245..363 ''
              SyntaxNodeType @245..263 'TsReadonlyModifier'
              SyntaxMemberList @282..349 'modifier_token: READONLY_KW@23..32 "readonly" [] [Whitespace(" ")],'
                SyntaxNodePair @282..348 'modifier_token: READONLY_KW@23..32 "readonly" [] [Whitespace(" ")]'
                  SyntaxNodePairKey @282..296 'modifier_token'
                  SyntaxToken @298..348 'READONLY_KW@23..32 "readonly" [] [Whitespace(" ")]'
                    SyntaxTokenType @298..309 'READONLY_KW'
                    Range @310..316 '23..32'
                      Number @310..312 '23'
                      Number @314..316 '32'
                    String @317..327 '"readonly"'
                    TriviaPart @328..330 '[]'
                    TriviaPart @331..348 '[Whitespace(" ")]'
                      TriviaList @332..347 'Whitespace(" ")'
                        Trivia @332..347 'Whitespace(" ")'
                          Identifier @332..342 'Whitespace'
                          String @343..346 '" "'"
`;
